// Jest Snapshot v1, https://goo.gl/fbAQLP

exports[`works 1`] = `
"async function test() {
  sync: {
    await console.log(\\"I should be awaited 1\\");
    await console.log\`I should be awaited 2\`; // a await goes here

    await console.log( // a await goes here as well
    await (() => {
      console.log(\\"I should not be awaited 3\\");
    })()); // a await goes here

    await console.log( // a await goes here as well
    await (async () => {
      await console.log(\\"I should not be awaited 4\\");
    })());

    async: {
      console.log(\\"I should not be awaited 5\\");

      sync_: {
        await console.log(async () => {
          await console.log(\\"I should be awaited 6\\");
        }, () => {
          console.log(\\"I should not be awaited 7\\");
        });
      }
    }
  }

  console.log(\\"I should not be awaited 8\\");
}

sync: {
  console.log(\\"I should not be awaited 9\\");

  (() => {
    console.log(\\"I should not be awaited 10\\");
  })();

  (async () => {
    await console.log(\\"I should be awaited 111\\");
  })();
}

(async () => {
  console.log(\\"I should not be awaited 112\\");
})();"
`;
